Generating image for 2023-03-29...
Saved image to /Users/ludwigw/Development/calendar/build/liturgical_2023-03-29.png
Feast: 

----------------------------------------
Generating image for 2024-03-29...
Saved image to /Users/ludwigw/Development/calendar/build/liturgical_2024-03-29.png
Feast: Good Friday

----------------------------------------
Generating image for 2025-03-29...
Saved image to /Users/ludwigw/Development/calendar/build/liturgical_2025-03-29.png
Feast: 

----------------------------------------
Generating image for 2025-01-06...
Saved image to /Users/ludwigw/Development/calendar/build/liturgical_2025-01-06.png
Feast: Epiphany

----------------------------------------
Generating image for 2025-02-26...
Saved image to /Users/ludwigw/Development/calendar/build/liturgical_2025-02-26.png
Feast: 

----------------------------------------
Generating image for 2025-04-20...
Saved image to /Users/ludwigw/Development/calendar/build/liturgical_2025-04-20.png
Feast: Easter

----------------------------------------
Generating image for 2025-05-29...
Saved image to /Users/ludwigw/Development/calendar/build/liturgical_2025-05-29.png
Feast: Ascension

----------------------------------------
Generating image for 2025-12-25...
Saved image to /Users/ludwigw/Development/calendar/build/liturgical_2025-12-25.png
Feast: Christmas

----------------------------------------
Generating image for 2025-06-15...
Saved image to /Users/ludwigw/Development/calendar/build/liturgical_2025-06-15.png
Feast: Trinity

----------------------------------------
Generating image for 2025-07-13...
Saved image to /Users/ludwigw/Development/calendar/build/liturgical_2025-07-13.png
Feast: Proper 10

----------------------------------------
Generating image for 2025-08-24...
Saved image to /Users/ludwigw/Development/calendar/build/liturgical_2025-08-24.png
Feast: Bartholomew the Apostle

----------------------------------------
Generating image for 2025-09-21...
Saved image to /Users/ludwigw/Development/calendar/build/liturgical_2025-09-21.png
Feast: Matthew the Evangelist

----------------------------------------
Generating image for 2025-10-19...
Saved image to /Users/ludwigw/Development/calendar/build/liturgical_2025-10-19.png
Feast: Proper 24

----------------------------------------
Generating image for 2025-11-16...
Saved image to /Users/ludwigw/Development/calendar/build/liturgical_2025-11-16.png
Feast: 2 before Advent

----------------------------------------
Generating image for 2023-01-02...
Saved image to /Users/ludwigw/Development/calendar/build/liturgical_2023-01-02.png
Feast: Basil the Great and Gregory of Nazianzus

----------------------------------------
Generating image for 2024-01-02...
Saved image to /Users/ludwigw/Development/calendar/build/liturgical_2024-01-02.png
Feast: Basil the Great and Gregory of Nazianzus

----------------------------------------
Generating image for 2025-01-02...
Saved image to /Users/ludwigw/Development/calendar/build/liturgical_2025-01-02.png
Feast: Basil the Great and Gregory of Nazianzus

----------------------------------------
Generating image for 2023-01-13...
Saved image to /Users/ludwigw/Development/calendar/build/liturgical_2023-01-13.png
Feast: Hilary

----------------------------------------
Generating image for 2024-01-13...
Saved image to /Users/ludwigw/Development/calendar/build/liturgical_2024-01-13.png
Feast: Hilary

----------------------------------------
Generating image for 2025-01-13...
Saved image to /Users/ludwigw/Development/calendar/build/liturgical_2025-01-13.png
Feast: Hilary

----------------------------------------
Generating image for 2023-04-01...
Saved image to /Users/ludwigw/Development/calendar/build/liturgical_2023-04-01.png
Feast: Frederick Denison Maurice

----------------------------------------
Generating image for 2024-04-01...
Saved image to /Users/ludwigw/Development/calendar/build/liturgical_2024-04-01.png
Feast: Frederick Denison Maurice

----------------------------------------
Generating image for 2025-04-01...
Saved image to /Users/ludwigw/Development/calendar/build/liturgical_2025-04-01.png
Feast: Frederick Denison Maurice

----------------------------------------
Generating image for 2023-05-24...
Saved image to /Users/ludwigw/Development/calendar/build/liturgical_2023-05-24.png
Feast: John and Charles Wesley

----------------------------------------
Generating image for 2024-05-24...
Saved image to /Users/ludwigw/Development/calendar/build/liturgical_2024-05-24.png
Feast: John and Charles Wesley

----------------------------------------
Generating image for 2025-05-24...
Saved image to /Users/ludwigw/Development/calendar/build/liturgical_2025-05-24.png
Feast: John and Charles Wesley

----------------------------------------
Generating image for 2023-07-15...
Saved image to /Users/ludwigw/Development/calendar/build/liturgical_2023-07-15.png
Feast: Swithun

----------------------------------------
Generating image for 2024-07-15...
Saved image to /Users/ludwigw/Development/calendar/build/liturgical_2024-07-15.png
Feast: Swithun

----------------------------------------
Generating image for 2025-07-15...
Saved image to /Users/ludwigw/Development/calendar/build/liturgical_2025-07-15.png
Feast: Swithun

----------------------------------------
Generating image for 2023-07-19...
Saved image to /Users/ludwigw/Development/calendar/build/liturgical_2023-07-19.png
Feast: Gregory, and his sister Macrina

----------------------------------------
Generating image for 2024-07-19...
Saved image to /Users/ludwigw/Development/calendar/build/liturgical_2024-07-19.png
Feast: Gregory, and his sister Macrina

----------------------------------------
Generating image for 2025-07-19...
Saved image to /Users/ludwigw/Development/calendar/build/liturgical_2025-07-19.png
Feast: Gregory, and his sister Macrina

----------------------------------------
Generating image for 2023-07-25...
Saved image to /Users/ludwigw/Development/calendar/build/liturgical_2023-07-25.png
Feast: James the Apostle

----------------------------------------
Generating image for 2024-07-25...
Saved image to /Users/ludwigw/Development/calendar/build/liturgical_2024-07-25.png
Feast: James the Apostle

----------------------------------------
Generating image for 2025-07-25...
Saved image to /Users/ludwigw/Development/calendar/build/liturgical_2025-07-25.png
Feast: James the Apostle

----------------------------------------
Generating image for 2023-08-09...
Saved image to /Users/ludwigw/Development/calendar/build/liturgical_2023-08-09.png
Feast: Mary Sumner

----------------------------------------
Generating image for 2024-08-09...
Saved image to /Users/ludwigw/Development/calendar/build/liturgical_2024-08-09.png
Feast: Mary Sumner

----------------------------------------
Generating image for 2025-08-09...
Saved image to /Users/ludwigw/Development/calendar/build/liturgical_2025-08-09.png
Feast: Mary Sumner

----------------------------------------
Generating image for 2023-08-14...
Saved image to /Users/ludwigw/Development/calendar/build/liturgical_2023-08-14.png
Feast: Maximilian Kolbe

----------------------------------------
Generating image for 2024-08-14...
Saved image to /Users/ludwigw/Development/calendar/build/liturgical_2024-08-14.png
Feast: Maximilian Kolbe

----------------------------------------
Generating image for 2025-08-14...
Saved image to /Users/ludwigw/Development/calendar/build/liturgical_2025-08-14.png
Feast: Maximilian Kolbe

----------------------------------------
Generating image for 2023-08-27...
Saved image to /Users/ludwigw/Development/calendar/build/liturgical_2023-08-27.png
Feast: Proper 17

----------------------------------------
Generating image for 2024-08-27...
Saved image to /Users/ludwigw/Development/calendar/build/liturgical_2024-08-27.png
Feast: Monica

----------------------------------------
Generating image for 2025-08-27...
Saved image to /Users/ludwigw/Development/calendar/build/liturgical_2025-08-27.png
Feast: Monica

----------------------------------------
Generating image for 2023-08-30...
Saved image to /Users/ludwigw/Development/calendar/build/liturgical_2023-08-30.png
Feast: John Bunyan

----------------------------------------
Generating image for 2024-08-30...
Saved image to /Users/ludwigw/Development/calendar/build/liturgical_2024-08-30.png
Feast: John Bunyan

----------------------------------------
Generating image for 2025-08-30...
Saved image to /Users/ludwigw/Development/calendar/build/liturgical_2025-08-30.png
Feast: John Bunyan

----------------------------------------
Generating image for 2023-08-31...
Saved image to /Users/ludwigw/Development/calendar/build/liturgical_2023-08-31.png
Feast: Aidan

----------------------------------------
Generating image for 2024-08-31...
Saved image to /Users/ludwigw/Development/calendar/build/liturgical_2024-08-31.png
Feast: Aidan

----------------------------------------
Generating image for 2025-08-31...
Saved image to /Users/ludwigw/Development/calendar/build/liturgical_2025-08-31.png
Feast: Proper 17

----------------------------------------
Generating image for 2023-09-06...
Saved image to /Users/ludwigw/Development/calendar/build/liturgical_2023-09-06.png
Feast: Allen Gardiner

----------------------------------------
Generating image for 2024-09-06...
Saved image to /Users/ludwigw/Development/calendar/build/liturgical_2024-09-06.png
Feast: Allen Gardiner

----------------------------------------
Generating image for 2025-09-06...
Saved image to /Users/ludwigw/Development/calendar/build/liturgical_2025-09-06.png
Feast: Allen Gardiner

----------------------------------------
Generating image for 2023-09-09...
Saved image to /Users/ludwigw/Development/calendar/build/liturgical_2023-09-09.png
Feast: Charles Fuge Lowder

----------------------------------------
Generating image for 2024-09-09...
Saved image to /Users/ludwigw/Development/calendar/build/liturgical_2024-09-09.png
Feast: Charles Fuge Lowder

----------------------------------------
Generating image for 2025-09-09...
Saved image to /Users/ludwigw/Development/calendar/build/liturgical_2025-09-09.png
Feast: Charles Fuge Lowder

----------------------------------------
Generating image for 2023-09-16...
Saved image to /Users/ludwigw/Development/calendar/build/liturgical_2023-09-16.png
Feast: Ninian

----------------------------------------
Generating image for 2024-09-16...
Saved image to /Users/ludwigw/Development/calendar/build/liturgical_2024-09-16.png
Feast: Ninian

----------------------------------------
Generating image for 2025-09-16...
Saved image to /Users/ludwigw/Development/calendar/build/liturgical_2025-09-16.png
Feast: Ninian

----------------------------------------
Generating image for 2023-09-20...
Saved image to /Users/ludwigw/Development/calendar/build/liturgical_2023-09-20.png
Feast: John Coleridge Patteson and companions

----------------------------------------
Generating image for 2024-09-20...
Saved image to /Users/ludwigw/Development/calendar/build/liturgical_2024-09-20.png
Feast: John Coleridge Patteson and companions

----------------------------------------
Generating image for 2025-09-20...
Saved image to /Users/ludwigw/Development/calendar/build/liturgical_2025-09-20.png
Feast: John Coleridge Patteson and companions

----------------------------------------
Generating image for 2023-09-25...
Saved image to /Users/ludwigw/Development/calendar/build/liturgical_2023-09-25.png
Feast: Lancelot Andrewes

----------------------------------------
Generating image for 2024-09-25...
Saved image to /Users/ludwigw/Development/calendar/build/liturgical_2024-09-25.png
Feast: Lancelot Andrewes

----------------------------------------
Generating image for 2025-09-25...
Saved image to /Users/ludwigw/Development/calendar/build/liturgical_2025-09-25.png
Feast: Lancelot Andrewes

----------------------------------------
Generating image for 2023-10-01...
Saved image to /Users/ludwigw/Development/calendar/build/liturgical_2023-10-01.png
Feast: Proper 22

----------------------------------------
Generating image for 2024-10-01...
Saved image to /Users/ludwigw/Development/calendar/build/liturgical_2024-10-01.png
Feast: Remigius

----------------------------------------
Generating image for 2025-10-01...
Saved image to /Users/ludwigw/Development/calendar/build/liturgical_2025-10-01.png
Feast: Remigius

----------------------------------------
Generating image for 2023-10-11...
Saved image to /Users/ludwigw/Development/calendar/build/liturgical_2023-10-11.png
Feast: Ethelburga

----------------------------------------
Generating image for 2024-10-11...
Saved image to /Users/ludwigw/Development/calendar/build/liturgical_2024-10-11.png
Feast: Ethelburga

----------------------------------------
Generating image for 2025-10-11...
Saved image to /Users/ludwigw/Development/calendar/build/liturgical_2025-10-11.png
Feast: Ethelburga

----------------------------------------
Generating image for 2023-10-12...
Saved image to /Users/ludwigw/Development/calendar/build/liturgical_2023-10-12.png
Feast: Wilfrid

----------------------------------------
Generating image for 2024-10-12...
Saved image to /Users/ludwigw/Development/calendar/build/liturgical_2024-10-12.png
Feast: Wilfrid

----------------------------------------
Generating image for 2025-10-12...
Saved image to /Users/ludwigw/Development/calendar/build/liturgical_2025-10-12.png
Feast: Proper 23

----------------------------------------
Generating image for 2023-10-15...
Saved image to /Users/ludwigw/Development/calendar/build/liturgical_2023-10-15.png
Feast: Proper 24

----------------------------------------
Generating image for 2024-10-15...
Saved image to /Users/ludwigw/Development/calendar/build/liturgical_2024-10-15.png
Feast: Teresa of Avila

----------------------------------------
Generating image for 2025-10-15...
Saved image to /Users/ludwigw/Development/calendar/build/liturgical_2025-10-15.png
Feast: Teresa of Avila

----------------------------------------
Generating image for 2023-10-31...
Saved image to /Users/ludwigw/Development/calendar/build/liturgical_2023-10-31.png
Feast: Martin Luther

----------------------------------------
Generating image for 2024-10-31...
Saved image to /Users/ludwigw/Development/calendar/build/liturgical_2024-10-31.png
Feast: Martin Luther

----------------------------------------
Generating image for 2025-10-31...
Saved image to /Users/ludwigw/Development/calendar/build/liturgical_2025-10-31.png
Feast: Martin Luther

----------------------------------------
Generating image for 2023-11-22...
Saved image to /Users/ludwigw/Development/calendar/build/liturgical_2023-11-22.png
Feast: Cecilia

----------------------------------------
Generating image for 2024-11-22...
Saved image to /Users/ludwigw/Development/calendar/build/liturgical_2024-11-22.png
Feast: Cecilia

----------------------------------------
Generating image for 2025-11-22...
Saved image to /Users/ludwigw/Development/calendar/build/liturgical_2025-11-22.png
Feast: Cecilia

----------------------------------------
Generating image for 2023-11-25...
Saved image to /Users/ludwigw/Development/calendar/build/liturgical_2023-11-25.png
Feast: Catherine

----------------------------------------
Generating image for 2024-11-25...
Saved image to /Users/ludwigw/Development/calendar/build/liturgical_2024-11-25.png
Feast: Catherine

----------------------------------------
Generating image for 2025-11-25...
Saved image to /Users/ludwigw/Development/calendar/build/liturgical_2025-11-25.png
Feast: Catherine

----------------------------------------
Generating image for 2023-12-04...
Saved image to /Users/ludwigw/Development/calendar/build/liturgical_2023-12-04.png
Feast: John of Damascus

----------------------------------------
Generating image for 2024-12-04...
Saved image to /Users/ludwigw/Development/calendar/build/liturgical_2024-12-04.png
Feast: John of Damascus

----------------------------------------
Generating image for 2025-12-04...
Saved image to /Users/ludwigw/Development/calendar/build/liturgical_2025-12-04.png
Feast: John of Damascus

----------------------------------------
Generating image for 2023-12-13...
Saved image to /Users/ludwigw/Development/calendar/build/liturgical_2023-12-13.png
Feast: Lucy

----------------------------------------
Generating image for 2024-12-13...
Saved image to /Users/ludwigw/Development/calendar/build/liturgical_2024-12-13.png
Feast: Lucy

----------------------------------------
Generating image for 2025-12-13...
Saved image to /Users/ludwigw/Development/calendar/build/liturgical_2025-12-13.png
Feast: Lucy

----------------------------------------
Generating image for 2023-12-28...
Saved image to /Users/ludwigw/Development/calendar/build/liturgical_2023-12-28.png
Feast: The Holy Innocents

----------------------------------------
Generating image for 2024-12-28...
Saved image to /Users/ludwigw/Development/calendar/build/liturgical_2024-12-28.png
Feast: The Holy Innocents

----------------------------------------
Generating image for 2025-12-28...
Saved image to /Users/ludwigw/Development/calendar/build/liturgical_2025-12-28.png
Feast: The Holy Innocents

----------------------------------------
